<html>
<body>
<pre>
<h1>µVision Build Log</h1>
<h2>Tool Versions:</h2>
IDE-Version: µVision V5.31.0.0
Copyright (C) 2020 ARM Ltd and ARM Germany GmbH. All rights reserved.
License Information: douglas dougl, sadasd, LIC=----
 
Tool Versions:
Toolchain:       MDK-Lite  Version: 5.31.0.0
Toolchain Path:  E:\Keil_v5\ARM\ARMCC\Bin
C Compiler:      Armcc.exe V5.06 update 6 (build 750)
Assembler:       Armasm.exe V5.06 update 6 (build 750)
Linker/Locator:  ArmLink.exe V5.06 update 6 (build 750)
Library Manager: ArmAr.exe V5.06 update 6 (build 750)
Hex Converter:   FromElf.exe V5.06 update 6 (build 750)
CPU DLL:         SARMCM3.DLL V5.31.0.0
Dialog DLL:      DCM.DLL V1.17.3.0
Target DLL:      STLink\ST-LINKIII-KEIL_SWO.dll V3.0.7.0
Dialog DLL:      TCM.DLL V1.46.0.0
 
<h2>Project:</h2>
C:\Users\dougl\Google Drive\Faculdade\Sistemas Embaracados\PROJETOS PROTEUS\Exemplo2 - lcd\LCD\MDK-ARM\LCD.uvprojx
Project File Date:  09/01/2020

<h2>Output:</h2>
*** Using Compiler 'V5.06 update 6 (build 750)', folder: 'E:\Keil_v5\ARM\ARMCC\Bin'
Build target 'LCD'
compiling main.c...
../Src/main.c(67): warning:  #188-D: enumerated type mixed with another type
  	HAL_GPIO_WritePin(GPIOA, RS_Pin,0);  //RS em zero para mandar comando
../Src/main.c(71): warning:  #188-D: enumerated type mixed with another type
  	HAL_GPIO_WritePin(GPIOA, EN_Pin,1);			//en 1
../Src/main.c(73): warning:  #188-D: enumerated type mixed with another type
  	HAL_GPIO_WritePin(GPIOA, EN_Pin,0);			//en 0
../Src/main.c(90): warning:  #188-D: enumerated type mixed with another type
  	HAL_GPIO_WritePin(GPIOA, RS_Pin,1);  //RS em zero para mandar dados
../Src/main.c(94): warning:  #188-D: enumerated type mixed with another type
  	HAL_GPIO_WritePin(GPIOA, EN_Pin,1);			//en 1
../Src/main.c(96): warning:  #188-D: enumerated type mixed with another type
  	HAL_GPIO_WritePin(GPIOA, EN_Pin,0);			//en 0
../Src/main.c(129): warning:  #188-D: enumerated type mixed with another type
  	HAL_GPIO_WritePin(GPIOB,Col1_Pin,1);
../Src/main.c(130): warning:  #188-D: enumerated type mixed with another type
  	HAL_GPIO_WritePin(GPIOB,Col2_Pin,0);
../Src/main.c(131): warning:  #188-D: enumerated type mixed with another type
  	HAL_GPIO_WritePin(GPIOB,Col3_Pin,0);
../Src/main.c(142): warning:  #188-D: enumerated type mixed with another type
  	HAL_GPIO_WritePin(GPIOB,Col1_Pin,0);
../Src/main.c(143): warning:  #188-D: enumerated type mixed with another type
  	HAL_GPIO_WritePin(GPIOB,Col2_Pin,1);
../Src/main.c(144): warning:  #188-D: enumerated type mixed with another type
  	HAL_GPIO_WritePin(GPIOB,Col3_Pin,0);
../Src/main.c(155): warning:  #188-D: enumerated type mixed with another type
  	HAL_GPIO_WritePin(GPIOB,Col1_Pin,0);
../Src/main.c(156): warning:  #188-D: enumerated type mixed with another type
  	HAL_GPIO_WritePin(GPIOB,Col2_Pin,0);
../Src/main.c(157): warning:  #188-D: enumerated type mixed with another type
  	HAL_GPIO_WritePin(GPIOB,Col3_Pin,1);
../Src/main.c(166): warning:  #940-D: missing return statement at end of non-void function "le_teclado" 
  }
../Src/main.c(349): warning:  #177-D: variable "vetor"  was declared but never referenced
  	char vetor[30], vetor_hora[30],vetor_data[30];
../Src/main.c(349): warning:  #177-D: variable "vetor_hora"  was declared but never referenced
  	char vetor[30], vetor_hora[30],vetor_data[30];
../Src/main.c(349): warning:  #177-D: variable "vetor_data"  was declared but never referenced
  	char vetor[30], vetor_hora[30],vetor_data[30];
../Src/main.c(350): warning:  #177-D: variable "umidade"  was declared but never referenced
  	int umidade = 10, tecla =0, i=1;
../Src/main.c(350): warning:  #177-D: variable "tecla"  was declared but never referenced
  	int umidade = 10, tecla =0, i=1;
../Src/main.c(350): warning:  #177-D: variable "i"  was declared but never referenced
  	int umidade = 10, tecla =0, i=1;
../Src/main.c: 22 warnings, 0 errors
linking...
Program Size: Code=7176 RO-data=316 RW-data=24 ZI-data=1048  
FromELF: creating hex file...
"LCD\LCD.axf" - 0 Error(s), 22 Warning(s).

<h2>Software Packages used:</h2>

Package Vendor: ARM
                http://www.keil.com/pack/ARM.CMSIS.5.7.0.pack
                ARM.CMSIS.5.7.0
                CMSIS (Cortex Microcontroller Software Interface Standard)
   * Component: CORE Version: 5.4.0

Package Vendor: Keil
                http://www.keil.com/pack/Keil.STM32F1xx_DFP.2.3.0.pack
                Keil.STM32F1xx_DFP.2.3.0
                STMicroelectronics STM32F1 Series Device Support, Drivers and Examples

<h2>Collection of Component include folders:</h2>
  .\RTE\_LCD
  C:\Users\dougl\AppData\Local\Arm\Packs\ARM\CMSIS\5.7.0\CMSIS\Core\Include
  C:\Users\dougl\AppData\Local\Arm\Packs\Keil\STM32F1xx_DFP\2.3.0\Device\Include

<h2>Collection of Component Files used:</h2>

   * Component: ARM::CMSIS:CORE:5.4.0
Build Time Elapsed:  00:00:03
</pre>
</body>
</html>
